INFO:     Will watch for changes in these directories: ['/home/pranav/pod']
INFO:     Uvicorn running on http://0.0.0.0:8000 (Press CTRL+C to quit)
INFO:     Started reloader process [578336] using WatchFiles
INFO:     Started server process [578363]
INFO:     Waiting for application startup.
INFO:database.connection:Database connection pool initialized
INFO:backend.main:FastAPI application started
INFO:     Application startup complete.
WARNING:  WatchFiles detected changes in 'main.py'. Reloading...
INFO:     Shutting down
INFO:     Waiting for application shutdown.
INFO:database.connection:Database connection pool closed
INFO:backend.main:FastAPI application shutdown
INFO:     Application shutdown complete.
INFO:     Finished server process [578363]
INFO:     Started server process [578531]
INFO:     Waiting for application startup.
INFO:database.connection:Database connection pool initialized
INFO:backend.main:FastAPI application started
INFO:     Application startup complete.
INFO:     127.0.0.1:49036 - "GET / HTTP/1.1" 200 OK
INFO:     127.0.0.1:49036 - "GET /styles.css HTTP/1.1" 304 Not Modified
INFO:     127.0.0.1:49050 - "GET /app.js HTTP/1.1" 304 Not Modified
INFO:     127.0.0.1:49036 - "GET /api/markets HTTP/1.1" 200 OK
INFO:     127.0.0.1:49050 - "GET /api/sports HTTP/1.1" 200 OK
INFO:     127.0.0.1:49050 - "GET /api/stats HTTP/1.1" 200 OK
INFO:     127.0.0.1:49062 - "GET /api/odds HTTP/1.1" 200 OK
INFO:     ('127.0.0.1', 49076) - "WebSocket /ws" [accepted]
INFO:backend.main:WebSocket connected. Total connections: 1
INFO:     connection open
WARNING:  WatchFiles detected changes in 'main.py'. Reloading...
INFO:     Shutting down
INFO:backend.main:WebSocket disconnected. Total connections: 0
INFO:     connection closed
INFO:     Waiting for application shutdown.
INFO:database.connection:Database connection pool closed
INFO:backend.main:FastAPI application shutdown
INFO:     Application shutdown complete.
INFO:     Finished server process [578531]
INFO:     Started server process [579020]
INFO:     Waiting for application startup.
INFO:database.connection:Database connection pool initialized
INFO:backend.main:FastAPI application started
INFO:     Application startup complete.
INFO:     ('127.0.0.1', 52314) - "WebSocket /ws" [accepted]
INFO:backend.main:WebSocket connected. Total connections: 1
INFO:     connection open
INFO:     127.0.0.1:52342 - "GET /api/stats HTTP/1.1" 200 OK
INFO:     127.0.0.1:52326 - "GET /api/odds HTTP/1.1" 200 OK
WARNING:  WatchFiles detected changes in 'main.py'. Reloading...
INFO:     Shutting down
INFO:backend.main:WebSocket disconnected. Total connections: 0
INFO:     connection closed
INFO:     Waiting for application shutdown.
INFO:database.connection:Database connection pool closed
INFO:backend.main:FastAPI application shutdown
INFO:     Application shutdown complete.
INFO:     Finished server process [579020]
INFO:     Started server process [579040]
INFO:     Waiting for application startup.
INFO:database.connection:Database connection pool initialized
INFO:backend.main:FastAPI application started
INFO:     Application startup complete.
INFO:     ('127.0.0.1', 47310) - "WebSocket /ws" [accepted]
INFO:backend.main:WebSocket connected. Total connections: 1
INFO:     connection open
WARNING:  WatchFiles detected changes in 'main.py'. Reloading...
INFO:     Shutting down
INFO:backend.main:WebSocket disconnected. Total connections: 0
INFO:     connection closed
INFO:     Waiting for application shutdown.
INFO:database.connection:Database connection pool closed
INFO:backend.main:FastAPI application shutdown
INFO:     Application shutdown complete.
INFO:     Finished server process [579040]
INFO:     Started server process [579274]
INFO:     Waiting for application startup.
INFO:database.connection:Database connection pool initialized
INFO:backend.main:FastAPI application started
INFO:     Application startup complete.
INFO:     ('127.0.0.1', 52216) - "WebSocket /ws" [accepted]
INFO:backend.main:WebSocket connected. Total connections: 1
INFO:     connection open
INFO:     127.0.0.1:34456 - "GET /api/stats HTTP/1.1" 200 OK
INFO:     127.0.0.1:34470 - "GET /api/stats HTTP/1.1" 200 OK
INFO:     127.0.0.1:34466 - "GET /api/odds HTTP/1.1" 200 OK
INFO:     127.0.0.1:34496 - "GET /api/odds?sport_key=soccer_epl HTTP/1.1" 200 OK
INFO:     127.0.0.1:34512 - "GET /api/odds?sport_key=soccer_epl HTTP/1.1" 200 OK
INFO:     127.0.0.1:34486 - "GET /.well-known/appspecific/com.chrome.devtools.json HTTP/1.1" 404 Not Found
WARNING:  WatchFiles detected changes in 'main.py'. Reloading...
INFO:     Shutting down
INFO:backend.main:WebSocket disconnected. Total connections: 0
INFO:     connection closed
INFO:     Waiting for application shutdown.
INFO:database.connection:Database connection pool closed
INFO:backend.main:FastAPI application shutdown
INFO:     Application shutdown complete.
INFO:     Finished server process [579274]
INFO:     Started server process [579702]
INFO:     Waiting for application startup.
INFO:database.connection:Database connection pool initialized
INFO:backend.main:FastAPI application started
INFO:     Application startup complete.
INFO:     ('127.0.0.1', 52212) - "WebSocket /ws" [accepted]
INFO:backend.main:WebSocket connected. Total connections: 1
INFO:     connection open
INFO:     127.0.0.1:58126 - "GET /api/stats HTTP/1.1" 200 OK
INFO:     127.0.0.1:58114 - "GET /api/odds HTTP/1.1" 200 OK
WARNING:  WatchFiles detected changes in 'main.py'. Reloading...
INFO:     Shutting down
INFO:backend.main:WebSocket disconnected. Total connections: 0
INFO:     connection closed
INFO:     Waiting for application shutdown.
INFO:database.connection:Database connection pool closed
INFO:backend.main:FastAPI application shutdown
INFO:     Application shutdown complete.
INFO:     Finished server process [579702]
INFO:     Started server process [579760]
INFO:     Waiting for application startup.
INFO:database.connection:Database connection pool initialized
INFO:backend.main:FastAPI application started
INFO:     Application startup complete.
INFO:     ('127.0.0.1', 48580) - "WebSocket /ws" [accepted]
INFO:backend.main:WebSocket connected. Total connections: 1
INFO:     connection open
INFO:     127.0.0.1:58498 - "GET /api/stats HTTP/1.1" 200 OK
INFO:     127.0.0.1:58482 - "GET /api/odds HTTP/1.1" 200 OK
INFO:     Shutting down
INFO:backend.main:WebSocket disconnected. Total connections: 0
INFO:     connection closed
INFO:     Waiting for application shutdown.
INFO:database.connection:Database connection pool closed
INFO:backend.main:FastAPI application shutdown
INFO:     Application shutdown complete.
INFO:     Finished server process [579760]
INFO:     Stopping reloader process [578336]
