2025-10-06 03:15:28,135 - __main__ - INFO - 🎯 Pinnacle Odds Scheduler Starting...
2025-10-06 03:15:28,135 - __main__ - INFO - 📅 Will scrape odds every 5 minutes (24/7 for testing)
2025-10-06 03:15:28,135 - __main__ - INFO - 💰 Estimated daily cost: ~172,800 API credits (24/7 operation)
2025-10-06 03:15:28,135 - __main__ - INFO - 🚀 Running initial scrape...
2025-10-06 03:15:28,135 - __main__ - INFO - 🔄 Starting scheduled odds scraping...
2025-10-06 03:15:28,298 - database.connection - INFO - Database connection pool initialized
2025-10-06 03:15:28,299 - pinnacle_scraper - INFO - Database initialized successfully
2025-10-06 03:15:28,299 - pinnacle_scraper - INFO - Starting Pinnacle odds scraping session
2025-10-06 03:15:28,300 - pinnacle_scraper - INFO - Starting to scrape Pinnacle odds for all sports
2025-10-06 03:15:28,300 - pinnacle_scraper - INFO - Processing sport: soccer_epl
2025-10-06 03:15:28,300 - pinnacle_scraper - INFO - Fetching featured odds for soccer_epl
2025-10-06 03:15:28,395 - pinnacle_scraper - INFO - Retrieved 20 events for soccer_epl
2025-10-06 03:15:28,553 - pinnacle_scraper - INFO - Inserted 70 odds records into database
2025-10-06 03:15:28,553 - pinnacle_scraper - INFO - Processed 70 odds entries for soccer_epl
2025-10-06 03:15:28,654 - pinnacle_scraper - INFO - Processing sport: soccer_efl_champ
2025-10-06 03:15:28,654 - pinnacle_scraper - INFO - Fetching featured odds for soccer_efl_champ
2025-10-06 03:15:28,694 - pinnacle_scraper - INFO - Retrieved 12 events for soccer_efl_champ
2025-10-06 03:15:28,805 - pinnacle_scraper - INFO - Inserted 84 odds records into database
2025-10-06 03:15:28,805 - pinnacle_scraper - INFO - Processed 84 odds entries for soccer_efl_champ
2025-10-06 03:15:28,906 - pinnacle_scraper - INFO - Processing sport: americanfootball_nfl
2025-10-06 03:15:28,906 - pinnacle_scraper - INFO - Fetching featured odds for americanfootball_nfl
2025-10-06 03:15:28,950 - pinnacle_scraper - INFO - Retrieved 16 events for americanfootball_nfl
2025-10-06 03:15:29,065 - pinnacle_scraper - INFO - Inserted 54 odds records into database
2025-10-06 03:15:29,065 - pinnacle_scraper - INFO - Processed 54 odds entries for americanfootball_nfl
2025-10-06 03:15:29,165 - pinnacle_scraper - INFO - Processing sport: basketball_nba
2025-10-06 03:15:29,166 - pinnacle_scraper - INFO - Fetching featured odds for basketball_nba
2025-10-06 03:15:29,230 - pinnacle_scraper - INFO - Retrieved 44 events for basketball_nba
2025-10-06 03:15:29,433 - pinnacle_scraper - INFO - Inserted 12 odds records into database
2025-10-06 03:15:29,434 - pinnacle_scraper - INFO - Processed 12 odds entries for basketball_nba
2025-10-06 03:15:29,534 - pinnacle_scraper - INFO - Processing sport: icehockey_nhl
2025-10-06 03:15:29,534 - pinnacle_scraper - INFO - Fetching featured odds for icehockey_nhl
2025-10-06 03:15:29,580 - pinnacle_scraper - INFO - Retrieved 21 events for icehockey_nhl
2025-10-06 03:15:29,774 - pinnacle_scraper - INFO - Inserted 126 odds records into database
2025-10-06 03:15:29,774 - pinnacle_scraper - INFO - Processed 126 odds entries for icehockey_nhl
2025-10-06 03:15:29,874 - pinnacle_scraper - INFO - Processing sport: baseball_mlb
2025-10-06 03:15:29,875 - pinnacle_scraper - INFO - Fetching featured odds for baseball_mlb
2025-10-06 03:15:29,914 - pinnacle_scraper - INFO - Retrieved 4 events for baseball_mlb
2025-10-06 03:15:29,956 - pinnacle_scraper - INFO - Inserted 24 odds records into database
2025-10-06 03:15:29,957 - pinnacle_scraper - INFO - Processed 24 odds entries for baseball_mlb
2025-10-06 03:15:30,057 - pinnacle_scraper - INFO - Processing sport: americanfootball_ncaaf
2025-10-06 03:15:30,057 - pinnacle_scraper - INFO - Fetching featured odds for americanfootball_ncaaf
2025-10-06 03:15:30,113 - pinnacle_scraper - INFO - Retrieved 56 events for americanfootball_ncaaf
2025-10-06 03:15:30,603 - pinnacle_scraper - INFO - Inserted 328 odds records into database
2025-10-06 03:15:30,604 - pinnacle_scraper - INFO - Processed 328 odds entries for americanfootball_ncaaf
2025-10-06 03:15:30,704 - pinnacle_scraper - INFO - Processing sport: basketball_ncaab
2025-10-06 03:15:30,704 - pinnacle_scraper - INFO - Fetching featured odds for basketball_ncaab
2025-10-06 03:15:30,752 - pinnacle_scraper - WARNING - No data retrieved for basketball_ncaab
2025-10-06 03:15:30,753 - pinnacle_scraper - WARNING - No data retrieved for basketball_ncaab
2025-10-06 03:15:30,853 - pinnacle_scraper - INFO - Total odds entries scraped: 698
2025-10-06 03:15:30,880 - pinnacle_scraper - INFO - Retrieved 698 previous odds from database
2025-10-06 03:15:30,889 - database.connection - INFO - Database connection pool closed
2025-10-06 03:15:30,890 - __main__ - ERROR - ❌ Scheduled scraping failed: unsupported operand type(s) for -: 'int' and 'asyncpg.Record'
